Error codes: *TENTATIVE_EIO 

post/tests/test147/source.c:29: overwriting potential unchecked error in variable "rc"
post/tests/test147/source.c:28:"rc" receives an error from function "PTR_ERR"
post/tests/test147/source.c:8: an unchecked error may be returned
post/tests/test147/source.c:28:"errp" may have an unchecked error
post/tests/test147/source.c:27:"errp" may have an unchecked error
post/tests/test147/source.c:25:"errp" may have an unchecked error
post/tests/test147/source.c:24:"errp" may have an unchecked error
post/tests/test147/source.c:24:"errp" receives an error from "cabs2cil_"
post/tests/test147/source.c:24:"cabs2cil_" receives an error from function "ERR_PTR"
post/tests/test147/source.c:13: an unchecked error may be returned
post/tests/test147/source.c:24:"err" may have an unchecked error
post/tests/test147/source.c:23:"err" receives an error from "TENTATIVE_EIO"

post/tests/test147/source.c:29: overwriting potential unchecked error in variable "rc"
post/tests/test147/source.c:28:"rc" receives an error from function "PTR_ERR"
post/tests/test147/source.c:8: an unchecked error may be returned
post/tests/test147/source.c:28:"errp" may have an unchecked error
post/tests/test147/source.c:24:"errp" receives an error from "cabs2cil_"
post/tests/test147/source.c:24:"cabs2cil_" receives an error from function "ERR_PTR"
post/tests/test147/source.c:13: an unchecked error may be returned
post/tests/test147/source.c:24:"err" may have an unchecked error
post/tests/test147/source.c:23:"err" receives an error from "TENTATIVE_EIO"
====
Error codes: *TENTATIVE_EIO 

post/tests/test147/source.c:35: potential unchecked error in out of scope pointer variable "cabs2cil_"
post/tests/test147/source.c:29:"cabs2cil_" may have an unchecked error
post/tests/test147/source.c:28:"cabs2cil_" may have an unchecked error
post/tests/test147/source.c:27:"cabs2cil_" may have an unchecked error
post/tests/test147/source.c:25:"cabs2cil_" may have an unchecked error
post/tests/test147/source.c:24:"cabs2cil_" may have an unchecked error
post/tests/test147/source.c:24:"cabs2cil_" receives an error from function "ERR_PTR"
post/tests/test147/source.c:13: an unchecked error may be returned
post/tests/test147/source.c:24:"err" may have an unchecked error
post/tests/test147/source.c:23:"err" receives an error from "TENTATIVE_EIO"

post/tests/test147/source.c:35: potential unchecked error in out of scope pointer variable "cabs2cil_"
post/tests/test147/source.c:24:"cabs2cil_" receives an error from function "ERR_PTR"
post/tests/test147/source.c:13: an unchecked error may be returned
post/tests/test147/source.c:24:"err" may have an unchecked error
post/tests/test147/source.c:23:"err" receives an error from "TENTATIVE_EIO"
====
Error codes: *TENTATIVE_EIO 

post/tests/test147/source.c:35: potential unchecked error in out of scope variable "err"
post/tests/test147/source.c:29:"err" may have an unchecked error
post/tests/test147/source.c:28:"err" may have an unchecked error
post/tests/test147/source.c:27:"err" may have an unchecked error
post/tests/test147/source.c:25:"err" may have an unchecked error
post/tests/test147/source.c:24:"err" may have an unchecked error
post/tests/test147/source.c:23:"err" receives an error from "TENTATIVE_EIO"

post/tests/test147/source.c:35: potential unchecked error in out of scope variable "err"
post/tests/test147/source.c:23:"err" receives an error from "TENTATIVE_EIO"
====
Error codes: *TENTATIVE_EIO 

post/tests/test147/source.c:35: potential unchecked error in out of scope pointer variable "errp"
post/tests/test147/source.c:29:"errp" may have an unchecked error
post/tests/test147/source.c:28:"errp" may have an unchecked error
post/tests/test147/source.c:27:"errp" may have an unchecked error
post/tests/test147/source.c:25:"errp" may have an unchecked error
post/tests/test147/source.c:24:"errp" may have an unchecked error
post/tests/test147/source.c:24:"errp" receives an error from "cabs2cil_"
post/tests/test147/source.c:24:"cabs2cil_" receives an error from function "ERR_PTR"
post/tests/test147/source.c:13: an unchecked error may be returned
post/tests/test147/source.c:24:"err" may have an unchecked error
post/tests/test147/source.c:23:"err" receives an error from "TENTATIVE_EIO"

post/tests/test147/source.c:35: potential unchecked error in out of scope pointer variable "errp"
post/tests/test147/source.c:24:"errp" receives an error from "cabs2cil_"
post/tests/test147/source.c:24:"cabs2cil_" receives an error from function "ERR_PTR"
post/tests/test147/source.c:13: an unchecked error may be returned
post/tests/test147/source.c:24:"err" may have an unchecked error
post/tests/test147/source.c:23:"err" receives an error from "TENTATIVE_EIO"
====
