post/tests/test141/source.c:9:TENTATIVE_ENXIO* returned from function foo2
====
