Error codes: *TENTATIVE_EIO 

post/tests/test170/source.c:15: overwriting potential unchecked error in variable "error"
post/tests/test170/source.c:14:"error" may have an unchecked error
post/tests/test170/source.c:13:"error" receives an error from "TENTATIVE_EIO"

post/tests/test170/source.c:15: overwriting potential unchecked error in variable "error"
post/tests/test170/source.c:13:"error" receives an error from "TENTATIVE_EIO"
====
