Error codes: *TENTATIVE_EIO 

post/tests/test8/source.c:13: overwriting potential unchecked error in variable "x"
post/tests/test8/source.c:12:"x" may have an unchecked error
post/tests/test8/source.c:11:"x" may have an unchecked error
post/tests/test8/source.c:9:"x" receives an error from "z"
post/tests/test8/source.c:8:"z" receives an error from "y"
post/tests/test8/source.c:6:"y" may have an unchecked error
post/tests/test8/source.c:5:"y" receives an error from "TENTATIVE_EIO"

post/tests/test8/source.c:13: overwriting potential unchecked error in variable "x"
post/tests/test8/source.c:9:"x" receives an error from "z"
post/tests/test8/source.c:8:"z" receives an error from "y"
post/tests/test8/source.c:5:"y" receives an error from "TENTATIVE_EIO"
====
