Error codes: *TENTATIVE_EIO 

post/tests/test171/source.c:19: overwriting potential unchecked error in variable "error"
post/tests/test171/source.c:18:"error" may have an unchecked error
post/tests/test171/source.c:17:"error" receives an error from "TENTATIVE_EIO"

post/tests/test171/source.c:19: overwriting potential unchecked error in variable "error"
post/tests/test171/source.c:17:"error" receives an error from "TENTATIVE_EIO"
====
Error codes: *TENTATIVE_ENXIO 

post/tests/test171/source.c:21: overwriting potential unchecked error in variable "error"
post/tests/test171/source.c:20:"error" may have an unchecked error
post/tests/test171/source.c:19:"error" receives an error from "TENTATIVE_ENXIO"

post/tests/test171/source.c:21: overwriting potential unchecked error in variable "error"
post/tests/test171/source.c:19:"error" receives an error from "TENTATIVE_ENXIO"
====
