Error codes: *TENTATIVE_EIO 

post/tests/test66/source.c:6: overwriting potential unchecked error in variable "error"
post/tests/test66/source.c:4:"error" may have an unchecked error
post/tests/test66/source.c:3:"error" receives an error from "TENTATIVE_EIO"

post/tests/test66/source.c:6: overwriting potential unchecked error in variable "error"
post/tests/test66/source.c:3:"error" receives an error from "TENTATIVE_EIO"
====
Error codes: *TENTATIVE_EIO 

post/tests/test66/source.c:15: potential unchecked error in out of scope variable "nonerror"
post/tests/test66/source.c:6:"nonerror" may have an unchecked error
post/tests/test66/source.c:4:"nonerror" receives an error from "TENTATIVE_EIO"

post/tests/test66/source.c:15: potential unchecked error in out of scope variable "nonerror"
post/tests/test66/source.c:4:"nonerror" receives an error from "TENTATIVE_EIO"
====
