Error codes: *TENTATIVE_EIO 

post/tests/test5/source.c:16: overwriting potential unchecked error in variable "x"
post/tests/test5/source.c:15:"x" may have an unchecked error
post/tests/test5/source.c:14:"x" may have an unchecked error
post/tests/test5/source.c:9:"x" receives an error from "TENTATIVE_EIO"

post/tests/test5/source.c:16: overwriting potential unchecked error in variable "x"
post/tests/test5/source.c:9:"x" receives an error from "TENTATIVE_EIO"
====
Error codes: *TENTATIVE_EIO 

post/tests/test5/source.c:18: potential unchecked error in out of scope variable "z"
post/tests/test5/source.c:17:"z" may have an unchecked error
post/tests/test5/source.c:16:"z" may have an unchecked error
post/tests/test5/source.c:15:"z" receives an error from "x"
post/tests/test5/source.c:14:"x" may have an unchecked error
post/tests/test5/source.c:9:"x" receives an error from "TENTATIVE_EIO"

post/tests/test5/source.c:18: potential unchecked error in out of scope variable "z"
post/tests/test5/source.c:15:"z" receives an error from "x"
post/tests/test5/source.c:9:"x" receives an error from "TENTATIVE_EIO"
====
