post/tests/test239/source.c 16 main#err1 EIO 
post/tests/test239/source.c 21 main#err2 EIO 
