ID|bar.19bbe HNDL|CALL|callA 
PRE_INTRA|bar.19bbe PRE|CALL|foo 
POST_INTRA|bar.19bbe POST|CALL|callA 
