post/tests/test242/source.c 18 main#err EIO 
post/tests/test242/source.c 22 main#err EIO 
post/tests/test242/source.c 26 main#err EIO 
