Error codes: *TENTATIVE_EIO 

post/tests/test146/source.c:17: overwriting potential unchecked error in variable "rc"
post/tests/test146/source.c:13:"rc" receives an error from "cabs2cil_"
post/tests/test146/source.c:13:"cabs2cil_" receives an error from function "ERR_PTR"
post/tests/test146/source.c:4: an unchecked error may be returned
post/tests/test146/source.c:13:"error" may have an unchecked error
post/tests/test146/source.c:10:"error" receives an error from "TENTATIVE_EIO"

post/tests/test146/source.c:17: overwriting potential unchecked error in variable "rc"
post/tests/test146/source.c:13:"rc" receives an error from "cabs2cil_"
post/tests/test146/source.c:13:"cabs2cil_" receives an error from function "ERR_PTR"
post/tests/test146/source.c:4: an unchecked error may be returned
post/tests/test146/source.c:13:"error" may have an unchecked error
post/tests/test146/source.c:10:"error" receives an error from "TENTATIVE_EIO"
====
Error codes: *TENTATIVE_ENXIO 

post/tests/test146/source.c:24: potential unchecked error in out of scope variable "rc"
post/tests/test146/source.c:19:"rc" may have an unchecked error
post/tests/test146/source.c:17:"rc" receives an error from "TENTATIVE_ENXIO"

post/tests/test146/source.c:24: potential unchecked error in out of scope variable "rc"
post/tests/test146/source.c:17:"rc" receives an error from "TENTATIVE_ENXIO"
====
