Error codes: *TENTATIVE_EIO 

post/tests/test189/source.c:7: potential unchecked error in out of scope variable "x"
post/tests/test189/source.c:5:"x" receives an error from "TENTATIVE_EIO"

post/tests/test189/source.c:7: potential unchecked error in out of scope variable "x"
post/tests/test189/source.c:5:"x" receives an error from "TENTATIVE_EIO"
====
