Error codes: *TENTATIVE_EIO 

post/tests/test110/source.c:29: overwriting potential unchecked error in variable "err8"
post/tests/test110/source.c:28:"err8" may have an unchecked error
post/tests/test110/source.c:27:"err8" receives an error from "TENTATIVE_EIO"

post/tests/test110/source.c:29: overwriting potential unchecked error in variable "err8"
post/tests/test110/source.c:27:"err8" receives an error from "TENTATIVE_EIO"
====
Error codes: *TENTATIVE_EIO 

post/tests/test110/source.c:30: overwriting potential unchecked error in variable "err7"
post/tests/test110/source.c:29:"err7" may have an unchecked error
post/tests/test110/source.c:28:"err7" may have an unchecked error
post/tests/test110/source.c:27:"err7" may have an unchecked error
post/tests/test110/source.c:27:"err7" receives an error from "TENTATIVE_EIO"

post/tests/test110/source.c:30: overwriting potential unchecked error in variable "err7"
post/tests/test110/source.c:27:"err7" receives an error from "TENTATIVE_EIO"
====
