Error codes: *TENTATIVE_EIO 

post/tests/test117/source.c:9: overwriting potential unchecked error in variable "error"
post/tests/test117/source.c:4:"error" may have an unchecked error
post/tests/test117/source.c:2:"error" receives an error from "TENTATIVE_EIO"

post/tests/test117/source.c:9: overwriting potential unchecked error in variable "error"
post/tests/test117/source.c:2:"error" receives an error from "TENTATIVE_EIO"
====
Error codes: *TENTATIVE_ENXIO 

post/tests/test117/source.c:11: potential unchecked error in out of scope variable "error"
post/tests/test117/source.c:9:"error" receives an error from "TENTATIVE_ENXIO"

post/tests/test117/source.c:11: potential unchecked error in out of scope variable "error"
post/tests/test117/source.c:9:"error" receives an error from "TENTATIVE_ENXIO"
====
