Error codes: *TENTATIVE_E2BIG 

post/tests/test154/source.c:38: potential unchecked error in out of scope variable "*i"
post/tests/test154/source.c:36:"*i" may have an unchecked error
post/tests/test154/source.c:35:"*i" may have an unchecked error
post/tests/test154/source.c:33:"*i" may have an unchecked error
post/tests/test154/source.c:31:"*i" may have an unchecked error
post/tests/test154/source.c:28:"*i" may have an unchecked error
post/tests/test154/source.c:26:"*i" may have an unchecked error
post/tests/test154/source.c:23:"*i" may have an unchecked error
post/tests/test154/source.c:23:"*i" receives an error from "TENTATIVE_E2BIG"

post/tests/test154/source.c:38: potential unchecked error in out of scope variable "*i"
post/tests/test154/source.c:23:"*i" receives an error from "TENTATIVE_E2BIG"
====
Error codes: *TENTATIVE_ENOEXEC 

post/tests/test154/source.c:38: potential unchecked error in out of scope variable "*k"
post/tests/test154/source.c:36:"*k" may have an unchecked error
post/tests/test154/source.c:35:"*k" may have an unchecked error
post/tests/test154/source.c:33:"*k" may have an unchecked error
post/tests/test154/source.c:31:"*k" may have an unchecked error
post/tests/test154/source.c:28:"*k" may have an unchecked error
post/tests/test154/source.c:28:"*k" receives an error from "TENTATIVE_ENOEXEC"

post/tests/test154/source.c:38: potential unchecked error in out of scope variable "*k"
post/tests/test154/source.c:28:"*k" receives an error from "TENTATIVE_ENOEXEC"
====
Error codes: *TENTATIVE_EIO 

post/tests/test154/source.c:38: potential unchecked error in out of scope variable "d"
post/tests/test154/source.c:36:"d" may have an unchecked error
post/tests/test154/source.c:35:"d" may have an unchecked error
post/tests/test154/source.c:33:"d" may have an unchecked error
post/tests/test154/source.c:31:"d" may have an unchecked error
post/tests/test154/source.c:28:"d" may have an unchecked error
post/tests/test154/source.c:26:"d" may have an unchecked error
post/tests/test154/source.c:23:"d" may have an unchecked error
post/tests/test154/source.c:21:"d" may have an unchecked error
post/tests/test154/source.c:17:"d" may have an unchecked error
post/tests/test154/source.c:16:"d" may have an unchecked error
post/tests/test154/source.c:13:"d" may have an unchecked error
post/tests/test154/source.c:12:"d" receives an error from "a"
post/tests/test154/source.c:9:"a" may have an unchecked error
post/tests/test154/source.c:8:"a" may have an unchecked error
post/tests/test154/source.c:7:"a" receives an error from "TENTATIVE_EIO"

post/tests/test154/source.c:38: potential unchecked error in out of scope variable "d"
post/tests/test154/source.c:12:"d" receives an error from "a"
post/tests/test154/source.c:7:"a" receives an error from "TENTATIVE_EIO"
====
Error codes: *TENTATIVE_ENXIO 

post/tests/test154/source.c:38: potential unchecked error in out of scope variable "e"
post/tests/test154/source.c:36:"e" may have an unchecked error
post/tests/test154/source.c:35:"e" may have an unchecked error
post/tests/test154/source.c:33:"e" may have an unchecked error
post/tests/test154/source.c:31:"e" may have an unchecked error
post/tests/test154/source.c:28:"e" may have an unchecked error
post/tests/test154/source.c:26:"e" may have an unchecked error
post/tests/test154/source.c:23:"e" may have an unchecked error
post/tests/test154/source.c:21:"e" may have an unchecked error
post/tests/test154/source.c:17:"e" may have an unchecked error
post/tests/test154/source.c:16:"e" may have an unchecked error
post/tests/test154/source.c:13:"e" receives an error from "b"
post/tests/test154/source.c:12:"b" may have an unchecked error
post/tests/test154/source.c:9:"b" may have an unchecked error
post/tests/test154/source.c:8:"b" receives an error from "TENTATIVE_ENXIO"

post/tests/test154/source.c:38: potential unchecked error in out of scope variable "e"
post/tests/test154/source.c:13:"e" receives an error from "b"
post/tests/test154/source.c:8:"b" receives an error from "TENTATIVE_ENXIO"
====
