Error codes: *TENTATIVE_EIO 

post/tests/test169/source.c:10: overwriting potential unchecked error in variable "error"
post/tests/test169/source.c:9:"error" may have an unchecked error
post/tests/test169/source.c:8:"error" may have an unchecked error
post/tests/test169/source.c:7:"error" receives an error from "TENTATIVE_EIO"

post/tests/test169/source.c:10: overwriting potential unchecked error in variable "error"
post/tests/test169/source.c:7:"error" receives an error from "TENTATIVE_EIO"
====
