post/tests/test245/source.c 21 main#err ENXIO EIO 
