post/tests/test244/source.c 19 main#err ENXIO EIO 
