post/tests/test250/source.c:17:TENTATIVE_ENXIO* TENTATIVE_EIO returned from function foo
post/tests/test250/source.c:2: an unchecked error may be returned
post/tests/test250/source.c:2:"error" may have an unchecked error
post/tests/test250/source.c:17:"err" may have an unchecked error
post/tests/test250/source.c:13:"err" receives an error from "TENTATIVE_ENXIO"

post/tests/test250/source.c:17:TENTATIVE_ENXIO* TENTATIVE_EIO returned from function foo
post/tests/test250/source.c:2: an unchecked error may be returned
post/tests/test250/source.c:17:"err" may have an unchecked error
post/tests/test250/source.c:13:"err" receives an error from "TENTATIVE_ENXIO"
====
post/tests/test250/source.c:17:TENTATIVE_ENXIO TENTATIVE_EIO* returned from function foo
post/tests/test250/source.c:2: an unchecked error may be returned
post/tests/test250/source.c:2:"error" may have an unchecked error
post/tests/test250/source.c:17:"err" may have an unchecked error
post/tests/test250/source.c:10:"err" receives an error from "TENTATIVE_EIO"

post/tests/test250/source.c:17:TENTATIVE_ENXIO TENTATIVE_EIO* returned from function foo
post/tests/test250/source.c:2: an unchecked error may be returned
post/tests/test250/source.c:17:"err" may have an unchecked error
post/tests/test250/source.c:10:"err" receives an error from "TENTATIVE_EIO"
====
post/tests/test250/source.c:2:TENTATIVE_ENXIO* TENTATIVE_EIO returned from function ERR_PTR
post/tests/test250/source.c:2:"error" may have an unchecked error
post/tests/test250/source.c:17:"err" may have an unchecked error
post/tests/test250/source.c:13:"err" receives an error from "TENTATIVE_ENXIO"

post/tests/test250/source.c:2:TENTATIVE_ENXIO* TENTATIVE_EIO returned from function ERR_PTR
post/tests/test250/source.c:17:"err" may have an unchecked error
post/tests/test250/source.c:13:"err" receives an error from "TENTATIVE_ENXIO"
====
post/tests/test250/source.c:2:TENTATIVE_ENXIO TENTATIVE_EIO* returned from function ERR_PTR
post/tests/test250/source.c:2:"error" may have an unchecked error
post/tests/test250/source.c:17:"err" may have an unchecked error
post/tests/test250/source.c:10:"err" receives an error from "TENTATIVE_EIO"

post/tests/test250/source.c:2:TENTATIVE_ENXIO TENTATIVE_EIO* returned from function ERR_PTR
post/tests/test250/source.c:17:"err" may have an unchecked error
post/tests/test250/source.c:10:"err" receives an error from "TENTATIVE_EIO"
====
