Error codes: *TENTATIVE_EIO 

post/tests/test99/source.c:10: overwriting potential unchecked error in variable "error"
post/tests/test99/source.c:6:"error" may have an unchecked error
post/tests/test99/source.c:4:"error" receives an error from "TENTATIVE_EIO"

post/tests/test99/source.c:10: overwriting potential unchecked error in variable "error"
post/tests/test99/source.c:4:"error" receives an error from "TENTATIVE_EIO"
====
Error codes: *TENTATIVE_ENXIO 

post/tests/test99/source.c:17: overwriting potential unchecked error in variable "error"
post/tests/test99/source.c:13:"error" may have an unchecked error
post/tests/test99/source.c:10:"error" receives an error from "TENTATIVE_ENXIO"

post/tests/test99/source.c:17: overwriting potential unchecked error in variable "error"
post/tests/test99/source.c:10:"error" receives an error from "TENTATIVE_ENXIO"
====
Error codes: *TENTATIVE_EIO 

post/tests/test99/source.c:24: overwriting potential unchecked error in variable "error"
post/tests/test99/source.c:20:"error" may have an unchecked error
post/tests/test99/source.c:17:"error" receives an error from "TENTATIVE_EIO"

post/tests/test99/source.c:24: overwriting potential unchecked error in variable "error"
post/tests/test99/source.c:17:"error" receives an error from "TENTATIVE_EIO"
====
Error codes: *TENTATIVE_ENXIO 

post/tests/test99/source.c:31: overwriting potential unchecked error in variable "error"
post/tests/test99/source.c:27:"error" may have an unchecked error
post/tests/test99/source.c:24:"error" receives an error from "TENTATIVE_ENXIO"

post/tests/test99/source.c:31: overwriting potential unchecked error in variable "error"
post/tests/test99/source.c:24:"error" receives an error from "TENTATIVE_ENXIO"
====
Error codes: *TENTATIVE_EIO 

post/tests/test99/source.c:34: potential unchecked error in out of scope variable "error"
post/tests/test99/source.c:31:"error" receives an error from "TENTATIVE_EIO"

post/tests/test99/source.c:34: potential unchecked error in out of scope variable "error"
post/tests/test99/source.c:31:"error" receives an error from "TENTATIVE_EIO"
====
