Error codes: *TENTATIVE_EIO 

post/tests/test127/source.c:20: overwriting potential unchecked error in variable "rc"
post/tests/test127/source.c:19:"rc" may have an unchecked error
post/tests/test127/source.c:8:"rc" may have an unchecked error
post/tests/test127/source.c:6:"rc" receives an error from "TENTATIVE_EIO"

post/tests/test127/source.c:20: overwriting potential unchecked error in variable "rc"
post/tests/test127/source.c:6:"rc" receives an error from "TENTATIVE_EIO"
====
